[2026-08-10 10:05:57][run_asr_conda] [run_asr] 開始 ASR 轉錄...

[2026-08-10 10:05:57][run_asr_conda] 載入模型中...
[2026-08-10 10:05:57][run_asr_conda] funasr version: 1.3.0.
[2026-08-10 10:08:44][run_asr_conda] 成功載入本地模型
[2026-08-10 10:08:44][run_asr_conda] funasr version: 1.3.0.
[2026-08-10 10:08:44][run_asr_conda] 模型載入完成
============================================================
[2026-08-10 10:08:44][run_asr_conda] 模型載入耗時: 167.48 秒
[2026-08-10 10:08:44][run_asr_conda] 等待音訊檔案: /home/cgu-csie/meeting-assistence/web_output/a6a10590/output_audio.mkv
[2026-08-10 10:08:44][run_asr_conda] 開始處理...

[2026-08-10 10:08:47][run_asr_conda] [35.0s] 處理30.0s語音片段...
[2026-08-10 10:09:02][run_asr_conda] [35.0s] 獲得 17 個語音片段
[2026-08-10 10:09:02][run_asr_conda] [0.1s-0.3s] [Speaker 未知] 好，
[2026-08-10 10:09:02][run_asr_conda] [0.3s-1.4s] [Speaker 未知] 標變更奇怪喲。
[2026-08-10 10:09:02][run_asr_conda] [3.9s-4.2s] [Speaker 1] 呃，
[2026-08-10 10:09:02][run_asr_conda] [4.2s-5.0s] [Speaker 1] 大家早安，
[2026-08-10 10:09:02][run_asr_conda] [5.0s-6.6s] [Speaker 1] 我是總招林子祥。
[2026-08-10 10:09:02][run_asr_conda] [7.0s-10.2s] [Speaker 1] 今天是我們二零二六校園創畫文藝節，
[2026-08-10 10:09:02][run_asr_conda] [10.8s-12.6s] [Speaker 1] 第二次正式籌備會議，
[2026-08-10 10:09:02][run_asr_conda] [12.9s-14.9s] [Speaker 1] 距離活動只剩下兩個半月。
[2026-08-10 10:09:02][run_asr_conda] [15.3s-18.7s] [Speaker 1] 所以今天主要希望把整個活動方向確認下來，
[2026-08-10 10:09:02][run_asr_conda] [18.8s-20.0s] [Speaker 1] 包括主題定位、
[2026-08-10 10:09:02][run_asr_conda] [20.1s-20.9s] [Speaker 1] 流程安排、
[2026-08-10 10:09:02][run_asr_conda] [21.3s-23.4s] [Speaker 1] 預算控制以及宣傳方式。
[2026-08-10 10:09:02][run_asr_conda] [24.1s-26.6s] [Speaker 1] 因爲這次學校給我們的資源比去年少。
[2026-08-10 10:09:02][run_asr_conda] [26.8s-28.4s] [Speaker 1] 所以我們不能再像以前一樣，
[2026-08-10 10:09:02][run_asr_conda] [28.4s-29.2s] [Speaker 1] 什麼都想做。
[2026-08-10 10:09:02][run_asr_conda] [29.9s-32.9s] [Speaker 1] 我認爲今年最重要的就是把活動品質做好，
[2026-08-10 10:09:02][run_asr_conda] [33.1s-34.8s] [Speaker 1] 而不是以美追求規模。
[2026-08-10 10:09:03][run_asr_conda] [60.0s] 處理30.0s語音片段...
[2026-08-10 10:09:15][run_asr_conda] [60.0s] 獲得 11 個語音片段
[2026-08-10 10:09:15][run_asr_conda] [30.0s-32.9s] [Speaker 1] 我認爲今年最重要的就是把活動品質做好，
[2026-08-10 10:09:15][run_asr_conda] [33.2s-34.9s] [Speaker 1] 而不是以美追求規模。
[2026-08-10 10:09:15][run_asr_conda] [36.0s-39.0s] [Speaker 1] 目前學校這邊的活動經費是二十五萬元，
[2026-08-10 10:09:15][run_asr_conda] [39.6s-41.4s] [Speaker 1] 比去年少了將近八萬。
[2026-08-10 10:09:15][run_asr_conda] [41.8s-44.3s] [Speaker 1] 而且今年場地使用規定也比較嚴格，
[2026-08-10 10:09:15][run_asr_conda] [44.6s-46.6s] [Speaker 1] 尤其是音量結束時間，
[2026-08-10 10:09:15][run_asr_conda] [46.6s-47.6s] [Speaker 1] 還有安全管制，
[2026-08-10 10:09:15][run_asr_conda] [47.6s-48.8s] [Speaker 1] 都需要重新申請。
[2026-08-10 10:09:15][run_asr_conda] [49.3s-54.6s] [Speaker 1] 所以今天希望大家可以針對各自負責的部分提出目前狀況與問題，
[2026-08-10 10:09:15][run_asr_conda] [55.1s-57.1s] [Speaker 1] 我們在一起確認最後方向。
[2026-08-10 10:09:15][run_asr_conda] [57.5s-60.0s] [Speaker 1] 那麼雨涵你從計劃內容開始。
[2026-08-10 10:09:16][run_asr_conda] [90.0s] 處理30.0s語音片段...
[2026-08-10 10:09:29][run_asr_conda] [90.0s] 獲得 16 個語音片段
[2026-08-10 10:09:30][run_asr_conda] [55.2s-57.2s] [Speaker 1] 我們在一起確認最後方向。
[2026-08-10 10:09:30][run_asr_conda] [57.6s-58.2s] [Speaker 1] 那麼雨涵，
[2026-08-10 10:09:30][run_asr_conda] [58.5s-60.4s] [Speaker 1] 你從計劃內容開始吧。
[2026-08-10 10:09:30][run_asr_conda] [62.3s-62.9s] [Speaker 2] 大家好，
[2026-08-10 10:09:30][run_asr_conda] [62.9s-64.8s] [Speaker 2] 我是計劃組長陳雨涵。
[2026-08-10 10:09:30][run_asr_conda] [65.2s-67.8s] [Speaker 2] 目前我們規劃的主題叫做 recengts，
[2026-08-10 10:09:30][run_asr_conda] [68.0s-71.0s] [Speaker 2] 核心概念是希望把校園文化重新連接。
[2026-08-10 10:09:30][run_asr_conda] [71.5s-72.4s] [Speaker 2] 因爲這些年，
[2026-08-10 10:09:30][run_asr_conda] [72.5s-75.3s] [Speaker 2] 很多學生其實對校園活動參與度下降，
[2026-08-10 10:09:30][run_asr_conda] [75.5s-76.8s] [Speaker 2] 尤其疫情之後，
[2026-08-10 10:09:30][run_asr_conda] [77.1s-79.9s] [Speaker 2] 大家變得比較少參加大型實體活動，
[2026-08-10 10:09:30][run_asr_conda] [80.2s-82.4s] [Speaker 2] 所以我們這次不只是辦演約會，
[2026-08-10 10:09:30][run_asr_conda] [82.6s-85.6s] [Speaker 2] 而是希望讓學生重新感受到校園互動。
[2026-08-10 10:09:30][run_asr_conda] [86.0s-86.5s] [Speaker 2] 目前，
[2026-08-10 10:09:30][run_asr_conda] [86.5s-88.3s] [Speaker 2] 活動內容分成四個區塊，
[2026-08-10 10:09:30][run_asr_conda] [88.7s-90.0s] [Speaker 2] 第一個是主舞，
[2026-08-10 10:09:31][run_asr_conda] [115.0s] 處理30.0s語音片段...
[2026-08-10 10:09:42][run_asr_conda] [115.0s] 獲得 14 個語音片段
[2026-08-10 10:09:43][run_asr_conda] [85.1s-85.6s] [Speaker 2] 人互動。
[2026-08-10 10:09:43][run_asr_conda] [86.1s-88.4s] [Speaker 2] 目前活動內容分成四個區塊，
[2026-08-10 10:09:43][run_asr_conda] [88.8s-90.1s] [Speaker 2] 第一個是主舞臺，
[2026-08-10 10:09:43][run_asr_conda] [90.1s-90.7s] [Speaker 2] 表演區，
[2026-08-10 10:09:43][run_asr_conda] [90.9s-92.7s] [Speaker 2] 第二個是社團展示區，
[2026-08-10 10:09:43][run_asr_conda] [93.0s-94.7s] [Speaker 2] 第三個是創意設計區，
[2026-08-10 10:09:43][run_asr_conda] [94.9s-98.4s] [Speaker 2] 第四個是夜間互動活動主舞臺部分，
[2026-08-10 10:09:43][run_asr_conda] [98.7s-99.7s] [Speaker 2] 我們目前規劃，
[2026-08-10 10:09:43][run_asr_conda] [99.7s-100.9s] [Speaker 2] 下午是社團演出，
[2026-08-10 10:09:43][run_asr_conda] [101.2s-104.0s] [Speaker 2] 晚上則安排學生樂團與邀請歌手，
[2026-08-10 10:09:43][run_asr_conda] [104.6s-108.1s] [Speaker 2] 社團展示區則會讓各系學會社團、
[2026-08-10 10:09:43][run_asr_conda] [108.1s-108.9s] [Speaker 2] 社團參加，
[2026-08-10 10:09:43][run_asr_conda] [109.1s-110.1s] [Speaker 2] 增加參與感。
[2026-08-10 10:09:43][run_asr_conda] [111.0s-114.8s] [Speaker 2] 創意是集目前預計招募學校內的學生創作者。
[2026-08-10 10:09:44][run_asr_conda] [140.0s] 處理30.0s語音片段...
[2026-08-10 10:09:55][run_asr_conda] [140.0s] 獲得 14 個語音片段
[2026-08-10 10:09:55][run_asr_conda] [111.0s-114.8s] [Speaker 2] 創意市及目前預計招募學校內的學生創作者，
[2026-08-10 10:09:55][run_asr_conda] [114.8s-116.2s] [Speaker 2] 像首座插畫、
[2026-08-10 10:09:55][run_asr_conda] [116.3s-117.2s] [Speaker 2] 甜點等等。
[2026-08-10 10:09:55][run_asr_conda] [117.5s-118.6s] [Speaker 2] 至於夜間活動，
[2026-08-10 10:09:55][run_asr_conda] [118.7s-120.1s] [Speaker 2] 我們目前有兩個方案，
[2026-08-10 10:09:55][run_asr_conda] [120.4s-122.2s] [Speaker 2] 第一個是露天電影院，
[2026-08-10 10:09:55][run_asr_conda] [122.4s-124.2s] [Speaker 2] 第二個是夜間音樂會，
[2026-08-10 10:09:55][run_asr_conda] [124.6s-126.2s] [Speaker 2] 但這部分還沒確定。
[2026-08-10 10:09:55][run_asr_conda] [126.5s-128.0s] [Speaker 2] 另外我想提出一個問題，
[2026-08-10 10:09:55][run_asr_conda] [128.4s-131.9s] [Speaker 2] 我覺得現在內容活活動內容其實有點太分散。
[2026-08-10 10:09:55][run_asr_conda] [132.1s-133.4s] [Speaker 2] 雖然看起來很多元，
[2026-08-10 10:09:55][run_asr_conda] [133.5s-135.5s] [Speaker 2] 但主題連接不夠強。
[2026-08-10 10:09:55][run_asr_conda] [135.8s-138.3s] [Speaker 2] 目前比較像是很多活動放在一起，
[2026-08-10 10:09:55][run_asr_conda] [138.5s-139.9s] [Speaker 2] 但不是一個完整的文，
[2026-08-10 10:09:56][run_asr_conda] [170.0s] 處理30.0s語音片段...
[2026-08-10 10:10:10][run_asr_conda] [170.0s] 獲得 15 個語音片段
[2026-08-10 10:10:11][run_asr_conda] [135.0s-135.6s] [Speaker 2] 不夠強，
[2026-08-10 10:10:11][run_asr_conda] [135.9s-138.4s] [Speaker 2] 目前比較像是很多活動放在一起，
[2026-08-10 10:10:11][run_asr_conda] [138.6s-140.4s] [Speaker 2] 而不是一個完整的文化節。
[2026-08-10 10:10:11][run_asr_conda] [140.8s-141.7s] [Speaker 2] 所以我在想，
[2026-08-10 10:10:11][run_asr_conda] [141.8s-145.5s] [Speaker 2] 我們是不是需要一個更明確的核心個一核心概念。
[2026-08-10 10:10:11][run_asr_conda] [145.8s-150.2s] [Speaker 2] 例如每個區域都圍繞青春校園回憶或未來創意去設計，
[2026-08-10 10:10:11][run_asr_conda] [150.7s-153.2s] [Speaker 2] 不然參加的人可能感受不到整體性。
[2026-08-10 10:10:11][run_asr_conda] [155.2s-155.4s] [Speaker 1] 呃，
[2026-08-10 10:10:11][run_asr_conda] [155.4s-156.3s] [Speaker 1] 我懂你的意思。
[2026-08-10 10:10:11][run_asr_conda] [156.8s-158.5s] [Speaker 1] 現在比較像大型原油會，
[2026-08-10 10:10:11][run_asr_conda] [159.0s-162.2s] [Speaker 1] 但還沒有正呃還沒有真正形成品牌感。
[2026-08-10 10:10:11][run_asr_conda] [162.9s-163.4s] [Speaker 1] 博軍，
[2026-08-10 10:10:11][run_asr_conda] [163.7s-167.4s] [Speaker 1] 你認爲如果要加強主力宣傳上會有幫助嗎？
[2026-08-10 10:10:11][run_asr_conda] [169.2s-169.6s] [Speaker 2] 大家好，
[2026-08-10 10:10:11][run_asr_conda] [169.6s-169.9s] [Speaker 2] 我是，
[2026-08-10 10:10:12][run_asr_conda] [195.0s] 處理30.0s語音片段...
[2026-08-10 10:10:24][run_asr_conda] [195.0s] 獲得 16 個語音片段
[2026-08-10 10:10:25][run_asr_conda] [165.1s-165.8s] [Speaker 1] 加強主題，
[2026-08-10 10:10:25][run_asr_conda] [165.8s-167.4s] [Speaker 1] 宣傳上會有幫助嗎？
[2026-08-10 10:10:25][run_asr_conda] [169.3s-169.7s] [Speaker 3] 大家好，
[2026-08-10 10:10:25][run_asr_conda] [169.7s-171.7s] [Speaker 3] 我是公關宣傳組長王博軍，
[2026-08-10 10:10:25][run_asr_conda] [172.1s-173.1s] [Speaker 3] 我覺得會差很多。
[2026-08-10 10:10:25][run_asr_conda] [173.4s-175.5s] [Speaker 3] 因爲現在學生看到活動海報，
[2026-08-10 10:10:25][run_asr_conda] [175.5s-176.7s] [Speaker 3] 最重要的是記憶點。
[2026-08-10 10:10:25][run_asr_conda] [177.0s-178.6s] [Speaker 3] 如果只有寫校園文化節，
[2026-08-10 10:10:25][run_asr_conda] [178.6s-179.7s] [Speaker 3] 其實很容易被忽略。
[2026-08-10 10:10:25][run_asr_conda] [180.0s-182.3s] [Speaker 3] 但如果我們能有一個明確的概念，
[2026-08-10 10:10:25][run_asr_conda] [182.3s-184.9s] [Speaker 3] 例如找回大學最自由的時光，
[2026-08-10 10:10:25][run_asr_conda] [184.9s-186.6s] [Speaker 3] 或是重新連接校園生活。
[2026-08-10 10:10:25][run_asr_conda] [186.9s-189.4s] [Speaker 3] 這種比較有情感的主題會更容易吸引人，
[2026-08-10 10:10:25][run_asr_conda] [189.7s-191.5s] [Speaker 3] 而且現在宣傳方式也跟以前吸引人，
[2026-08-10 10:10:25][run_asr_conda] [191.8s-193.2s] [Speaker 3] 以前貼海報可能就有效，
[2026-08-10 10:10:25][run_asr_conda] [193.5s-195.0s] [Speaker 3] 但現在學生大部分都是，
[2026-08-10 10:10:26][run_asr_conda] [220.0s] 處理30.0s語音片段...
[2026-08-10 10:10:38][run_asr_conda] [220.0s] 獲得 16 個語音片段
[2026-08-10 10:10:39][run_asr_conda] [190.1s-191.6s] [Speaker 3] 宣傳的方式也跟以前不一樣，
[2026-08-10 10:10:39][run_asr_conda] [191.8s-193.3s] [Speaker 3] 以前貼海報可能就有效。
[2026-08-10 10:10:39][run_asr_conda] [193.6s-197.1s] [Speaker 3] 但現在學生大部分都是看 instagram face 或者是短影音。
[2026-08-10 10:10:39][run_asr_conda] [197.3s-199.5s] [Speaker 3] 所以我們這次如果還只是傳統宣傳，
[2026-08-10 10:10:39][run_asr_conda] [199.5s-200.9s] [Speaker 3] 我覺得效果不會太好哦，
[2026-08-10 10:10:39][run_asr_conda] [201.1s-202.1s] [Speaker 3] 我目前有幾個方向，
[2026-08-10 10:10:39][run_asr_conda] [202.8s-203.3s] [Speaker 3] 第一，
[2026-08-10 10:10:39][run_asr_conda] [203.5s-205.6s] [Speaker 3] 我們可以提前做段營營宣傳。
[2026-08-10 10:10:39][run_asr_conda] [205.6s-206.0s] [Speaker 3] 例如，
[2026-08-10 10:10:39][run_asr_conda] [206.1s-210.3s] [Speaker 3] 社團彩排花絮工作人員準備過程校園街坊盜圖。
[2026-08-10 10:10:39][run_asr_conda] [210.3s-210.7s] [Speaker 3] 影片，
[2026-08-10 10:10:39][run_asr_conda] [211.0s-213.0s] [Speaker 3] 讓這子知道活動不是突然出現，
[2026-08-10 10:10:39][run_asr_conda] [213.0s-214.0s] [Speaker 3] 而是慢慢被期待。
[2026-08-10 10:10:39][run_asr_conda] [214.3s-214.7s] [Speaker 3] 第二，
[2026-08-10 10:10:39][run_asr_conda] [215.0s-218.2s] [Speaker 3] 我們可以找校內比較有影響力的學生賬號合作，
[2026-08-10 10:10:39][run_asr_conda] [218.4s-219.9s] [Speaker 3] 像攝影社美食。
[2026-08-10 10:10:40][run_asr_conda] [250.0s] 處理30.0s語音片段...
[2026-08-10 10:10:53][run_asr_conda] [250.0s] 獲得 23 個語音片段
[2026-08-10 10:10:55][run_asr_conda] [215.1s-218.3s] [Speaker 3] 我們可以找校內比較有影響力的學生賬號合作，
[2026-08-10 10:10:55][run_asr_conda] [218.5s-220.3s] [Speaker 3] 像攝影社美食賬號、
[2026-08-10 10:10:55][run_asr_conda] [220.4s-221.1s] [Speaker 3] 校園媒體。
[2026-08-10 10:10:55][run_asr_conda] [221.4s-221.8s] [Speaker 3] 第三，
[2026-08-10 10:10:55][run_asr_conda] [222.1s-224.2s] [Speaker 3] 我認爲這次活動視覺一定要統一，
[2026-08-10 10:10:55][run_asr_conda] [224.5s-225.4s] [Speaker 3] 包含海報、
[2026-08-10 10:10:55][run_asr_conda] [225.7s-226.1s] [Speaker 3] IG、
[2026-08-10 10:10:55][run_asr_conda] [226.1s-226.5s] [Speaker 3] 貼文、
[2026-08-10 10:10:55][run_asr_conda] [226.7s-227.3s] [Speaker 3] 工作證、
[2026-08-10 10:10:55][run_asr_conda] [227.5s-228.3s] [Speaker 3] 舞臺背板、
[2026-08-10 10:10:55][run_asr_conda] [228.3s-228.9s] [Speaker 3] 指示牌。
[2026-08-10 10:10:55][run_asr_conda] [229.1s-230.3s] [Speaker 3] 如果風格不統一，
[2026-08-10 10:10:55][run_asr_conda] [230.3s-231.9s] [Speaker 3] 整個活動會看起來很零散。
[2026-08-10 10:10:55][run_asr_conda] [232.9s-233.5s] [Speaker 2] 我同意，
[2026-08-10 10:10:55][run_asr_conda] [233.7s-235.8s] [Speaker 2] 尤其現在學生很重視活動，
[2026-08-10 10:10:55][run_asr_conda] [235.8s-236.5s] [Speaker 2] 好不好拍？
[2026-08-10 10:10:55][run_asr_conda] [236.8s-237.9s] [Speaker 2] 如果場景漂亮，
[2026-08-10 10:10:55][run_asr_conda] [238.0s-238.7s] [Speaker 2] 燈光好看，
[2026-08-10 10:10:55][run_asr_conda] [238.8s-240.0s] [Speaker 2] 自然就會有人發現，
[2026-08-10 10:10:55][run_asr_conda] [240.0s-244.2s] [Speaker 2] 那其實很多活動的擴散都是靠學生自己拍照分享。
[2026-08-10 10:10:55][run_asr_conda] [244.6s-245.2s] [Speaker 2] 大家好，
[2026-08-10 10:10:55][run_asr_conda] [245.2s-247.6s] [Speaker 4] 我是財務總務組長李心宇。
[2026-08-10 10:10:55][run_asr_conda] [248.0s-249.9s] [Speaker 4] 我先講一下目前的經費狀。
[2026-08-10 10:10:55][run_asr_conda] [275.0s] 處理30.0s語音片段...
[2026-08-10 10:11:07][run_asr_conda] [275.0s] 獲得 15 個語音片段
[2026-08-10 10:11:07][run_asr_conda] [245.3s-247.7s] [Speaker 4] 我是財務總務組長李欣宇，
[2026-08-10 10:11:07][run_asr_conda] [248.1s-250.3s] [Speaker 4] 我先講一下目前的經費狀況。
[2026-08-10 10:11:07][run_asr_conda] [250.7s-251.3s] [Speaker 4] 老實說，
[2026-08-10 10:11:07][run_asr_conda] [251.3s-253.3s] [Speaker 4] 現在預算其實蠻喫緊的。
[2026-08-10 10:11:07][run_asr_conda] [253.5s-253.9s] [Speaker 4] 目前，
[2026-08-10 10:11:07][run_asr_conda] [253.9s-256.9s] [Speaker 4] 固定支出包含舞臺與音響設備、
[2026-08-10 10:11:07][run_asr_conda] [257.1s-257.5s] [Speaker 4] 燈光、
[2026-08-10 10:11:07][run_asr_conda] [257.6s-258.7s] [Speaker 4] 租借場地、
[2026-08-10 10:11:07][run_asr_conda] [258.8s-259.4s] [Speaker 4] 保證金，
[2026-08-10 10:11:07][run_asr_conda] [259.7s-262.7s] [Speaker 4] 尤其宣傳印刷工作人員不資，
[2026-08-10 10:11:07][run_asr_conda] [263.2s-265.3s] [Speaker 4] 這些加起來已經接近十八萬。
[2026-08-10 10:11:07][run_asr_conda] [265.6s-267.5s] [Speaker 4] 如果還要邀請校外歌手，
[2026-08-10 10:11:07][run_asr_conda] [267.7s-270.1s] [Speaker 4] 費用可能會再增加五到八萬。
[2026-08-10 10:11:07][run_asr_conda] [270.4s-272.3s] [Speaker 4] 所以我們現在一定要做取捨，
[2026-08-10 10:11:07][run_asr_conda] [272.7s-274.6s] [Speaker 4] 尤其去年有一個很大的問題。
[2026-08-10 10:11:08][run_asr_conda] [300.0s] 處理30.0s語音片段...
[2026-08-10 10:11:19][run_asr_conda] [300.0s] 獲得 14 個語音片段
[2026-08-10 10:11:20][run_asr_conda] [270.5s-272.4s] [Speaker 5] 所以我們現在一定要做取捨，
[2026-08-10 10:11:20][run_asr_conda] [272.7s-274.6s] [Speaker 5] 尤其去年有一個很大的問題，
[2026-08-10 10:11:20][run_asr_conda] [274.8s-276.6s] [Speaker 5] 就是預算分配不平均，
[2026-08-10 10:11:20][run_asr_conda] [276.8s-278.0s] [Speaker 5] 舞臺花太多錢，
[2026-08-10 10:11:20][run_asr_conda] [278.2s-280.0s] [Speaker 5] 但其他區域品質下降，
[2026-08-10 10:11:20][run_asr_conda] [280.2s-282.4s] [Speaker 5] 結果很多學生都擠在主舞臺，
[2026-08-10 10:11:20][run_asr_conda] [282.6s-284.0s] [Speaker 5] 其他地方几乎沒人。
[2026-08-10 10:11:20][run_asr_conda] [284.3s-287.6s] [Speaker 5] 另以我覺得今年應該把重點放在整體體驗，
[2026-08-10 10:11:20][run_asr_conda] [287.7s-289.1s] [Speaker 5] 而不是單一表演。
[2026-08-10 10:11:20][run_asr_conda] [289.4s-291.3s] [Speaker 5] 另外我也想提醒一件事，
[2026-08-10 10:11:20][run_asr_conda] [291.5s-294.4s] [Speaker 5] 現在很多企劃內容都還沒有實際的報價，
[2026-08-10 10:11:20][run_asr_conda] [294.7s-295.4s] [Speaker 5] 如果太晚，
[2026-08-10 10:11:20][run_asr_conda] [295.4s-297.6s] [Speaker 5] 確認廠商價格可能會變動。
[2026-08-10 10:11:20][run_asr_conda] [297.9s-299.9s] [Speaker 5] 所以希望這周內能把主要，
[2026-08-10 10:11:21][run_asr_conda] [330.0s] 處理30.0s語音片段...
[2026-08-10 10:11:35][run_asr_conda] [330.0s] 獲得 17 個語音片段
[2026-08-10 10:11:38][run_asr_conda] [295.1s-297.6s] [Speaker 5] 太晚確認廠商價格可能會變動，
[2026-08-10 10:11:38][run_asr_conda] [298.0s-300.9s] [Speaker 5] 所以希望這周內能把主要的需求定案。
[2026-08-10 10:11:38][run_asr_conda] [301.9s-304.0s] [Speaker 3] 那目前贊助狀況怎麼樣？
[2026-08-10 10:11:38][run_asr_conda] [305.8s-307.0s] [Speaker 3] 目前有接洽幾點，
[2026-08-10 10:11:38][run_asr_conda] [307.0s-308.8s] [Speaker 3] 廠商包含飲料品牌、
[2026-08-10 10:11:38][run_asr_conda] [309.0s-310.6s] [Speaker 3] 文創店家跟附近餐廳。
[2026-08-10 10:11:38][run_asr_conda] [310.9s-311.6s] [Speaker 3] 但問題是，
[2026-08-10 10:11:38][run_asr_conda] [311.6s-314.2s] [Speaker 3] 今年很多廠商都希望看到流量保證。
[2026-08-10 10:11:38][run_asr_conda] [314.6s-315.2s] [Speaker 3] 簡單來說，
[2026-08-10 10:11:38][run_asr_conda] [315.2s-316.7s] [Speaker 3] 他們不只是想要掛 logo，
[2026-08-10 10:11:38][run_asr_conda] [317.0s-319.0s] [Speaker 3] 而是希望有社羣互光有，
[2026-08-10 10:11:38][run_asr_conda] [319.0s-319.7s] [Speaker 3] 現場互動，
[2026-08-10 10:11:38][run_asr_conda] [319.7s-320.5s] [Speaker 3] 有學生參與。
[2026-08-10 10:11:38][run_asr_conda] [320.8s-322.3s] [Speaker 3] 所以我們活動如果沒有特色，
[2026-08-10 10:11:38][run_asr_conda] [322.3s-324.1s] [Speaker 3] 其實不太容易達到大型贊助。
[2026-08-10 10:11:38][run_asr_conda] [325.9s-328.1s] [Speaker 3] 那接下來來談風險問題，
[2026-08-10 10:11:38][run_asr_conda] [328.3s-329.9s] [Speaker 3] 因爲去年其實發生不少。
[2026-08-10 10:11:39][run_asr_conda] [355.0s] 處理30.0s語音片段...
[2026-08-10 10:11:51][run_asr_conda] [355.0s] 獲得 16 個語音片段
[2026-08-10 10:11:53][run_asr_conda] [325.9s-328.1s] [Speaker 1] 那接下來來談風險問題，
[2026-08-10 10:11:53][run_asr_conda] [328.4s-330.4s] [Speaker 1] 因爲去年其實發生不少狀況，
[2026-08-10 10:11:53][run_asr_conda] [330.7s-331.8s] [Speaker 1] 像排線呃，
[2026-08-10 10:11:53][run_asr_conda] [331.8s-332.5s] [Speaker 1] 排隊動、
[2026-08-10 10:11:53][run_asr_conda] [332.7s-333.6s] [Speaker 1] 動線混亂，
[2026-08-10 10:11:53][run_asr_conda] [333.9s-334.8s] [Speaker 1] 音響延遲、
[2026-08-10 10:11:53][run_asr_conda] [335.1s-336.7s] [Speaker 1] 樂色處理不足，
[2026-08-10 10:11:53][run_asr_conda] [337.1s-339.6s] [Speaker 1] 甚至還有臨呃攤位臨時缺電，
[2026-08-10 10:11:53][run_asr_conda] [339.9s-340.5s] [Speaker 1] 這些問題，
[2026-08-10 10:11:53][run_asr_conda] [340.5s-341.8s] [Speaker 1] 今年不能再發生。
[2026-08-10 10:11:53][run_asr_conda] [342.4s-345.2s] [Speaker 1] 新余總務這邊目前有改善方案嗎？
[2026-08-10 10:11:53][run_asr_conda] [346.8s-347.0s] [Speaker 4] 有，
[2026-08-10 10:11:53][run_asr_conda] [347.1s-348.3s] [Speaker 4] 首先釋放一下，
[2026-08-10 10:11:53][run_asr_conda] [348.9s-351.2s] [Speaker 4] 去年最大問題是入口在集中，
[2026-08-10 10:11:53][run_asr_conda] [351.5s-353.4s] [Speaker 4] 所以人流全部都卡在這裏。
[2026-08-10 10:11:53][run_asr_conda] [353.7s-354.9s] [Speaker 4] 今年我打算改成，
[2026-08-10 10:11:54][run_asr_conda] [380.0s] 處理30.0s語音片段...
[2026-08-10 10:12:06][run_asr_conda] [380.0s] 獲得 14 個語音片段
[2026-08-10 10:12:06][run_asr_conda] [350.1s-351.6s] [Speaker 6] 是入口在其中，
[2026-08-10 10:12:06][run_asr_conda] [351.6s-353.4s] [Speaker 6] 所以人流全部都卡在這門。
[2026-08-10 10:12:06][run_asr_conda] [353.7s-355.7s] [Speaker 6] 今年我打算改成雙路口，
[2026-08-10 10:12:06][run_asr_conda] [356.0s-358.4s] [Speaker 6] 另外會增加指示牌雨工作人員。
[2026-08-10 10:12:06][run_asr_conda] [358.6s-360.1s] [Speaker 6] 第二是熱色問題，
[2026-08-10 10:12:06][run_asr_conda] [360.3s-361.9s] [Speaker 6] 去年熱色桶數量不足，
[2026-08-10 10:12:06][run_asr_conda] [362.2s-363.7s] [Speaker 6] 而且清理頻率太低。
[2026-08-10 10:12:06][run_asr_conda] [364.1s-367.1s] [Speaker 6] 今年我規劃每個區域都有固定熱色點，
[2026-08-10 10:12:06][run_asr_conda] [367.4s-368.9s] [Speaker 6] 並安排輪班清潔。
[2026-08-10 10:12:06][run_asr_conda] [369.3s-370.9s] [Speaker 6] 第三是供電問題。
[2026-08-10 10:12:06][run_asr_conda] [371.1s-373.5s] [Speaker 6] 去年很多攤會臨時增加設備，
[2026-08-10 10:12:06][run_asr_conda] [373.7s-375.0s] [Speaker 6] 但沒有提前申請，
[2026-08-10 10:12:06][run_asr_conda] [375.3s-376.5s] [Speaker 6] 導致現場跳電。
[2026-08-10 10:12:06][run_asr_conda] [376.8s-379.9s] [Speaker 6] 所以今年我們會要求所有攤位提前登進用。
[2026-08-10 10:12:07][run_asr_conda] [410.0s] 處理30.0s語音片段...
[2026-08-10 10:12:21][run_asr_conda] [410.0s] 獲得 18 個語音片段
[2026-08-10 10:12:23][run_asr_conda] [375.4s-376.6s] [Speaker 6] 導致現場跳電。
[2026-08-10 10:12:23][run_asr_conda] [376.8s-381.7s] [Speaker 6] 所以今年我可會要所有單位提前登進用電需求超過限制，
[2026-08-10 10:12:23][run_asr_conda] [381.7s-383.4s] [Speaker 6] 就不能自行增加設備。
[2026-08-10 10:12:23][run_asr_conda] [384.4s-385.5s] [Speaker 2] 我還有一個擔心，
[2026-08-10 10:12:23][run_asr_conda] [385.7s-386.8s] [Speaker 2] 如果下雨怎麼辦？
[2026-08-10 10:12:24][run_asr_conda] [387.0s-389.2s] [Speaker 2] 因爲現在很多活動都在戶外。
[2026-08-10 10:12:24][run_asr_conda] [390.4s-390.7s] [Speaker 1] 嗯，
[2026-08-10 10:12:24][run_asr_conda] [390.7s-392.3s] [Speaker 1] 這部分我有跟小校確認，
[2026-08-10 10:12:24][run_asr_conda] [392.7s-394.5s] [Speaker 1] 如果只是小雨活動造常，
[2026-08-10 10:12:24][run_asr_conda] [394.9s-395.8s] [Speaker 1] 如果是大雨，
[2026-08-10 10:12:24][run_asr_conda] [396.0s-397.3s] [Speaker 1] 我們需要啓動備案。
[2026-08-10 10:12:24][run_asr_conda] [397.8s-399.2s] [Speaker 1] 目前備案有兩個方向，
[2026-08-10 10:12:24][run_asr_conda] [399.6s-400.9s] [Speaker 1] 第一是改到體育館，
[2026-08-10 10:12:24][run_asr_conda] [401.1s-402.9s] [Speaker 1] 第二是縮小活動規模。
[2026-08-10 10:12:24][run_asr_conda] [403.4s-404.6s] [Speaker 1] 但這兩個都有問題，
[2026-08-10 10:12:24][run_asr_conda] [404.9s-406.6s] [Speaker 1] 因爲體育館空間有限，
[2026-08-10 10:12:24][run_asr_conda] [406.7s-408.9s] [Speaker 1] 而且很多設備需要重新搭建，
[2026-08-10 10:12:24][run_asr_conda] [409.7s-410.0s] [Speaker 1] 所以我們，
[2026-08-10 10:12:24][run_asr_conda] [435.0s] 處理30.0s語音片段...
[2026-08-10 10:12:37][run_asr_conda] [435.0s] 獲得 13 個語音片段
[2026-08-10 10:12:38][run_asr_conda] [405.0s-406.6s] [Speaker 1] 因爲體育館空間有限，
[2026-08-10 10:12:38][run_asr_conda] [406.8s-408.9s] [Speaker 1] 而且很多設備需要重新搭建，
[2026-08-10 10:12:38][run_asr_conda] [409.7s-412.4s] [Speaker 1] 所以我們最好還是提前準備防雨設備。
[2026-08-10 10:12:38][run_asr_conda] [414.7s-417.2s] [Speaker 3] 我覺得現在最大的挑戰其實不是辦活動，
[2026-08-10 10:12:38][run_asr_conda] [417.4s-419.0s] [Speaker 3] 而是讓學生願意參加。
[2026-08-10 10:12:38][run_asr_conda] [419.3s-422.1s] [Speaker 3] 因爲現在很多學生對學校活動很冷淡，
[2026-08-10 10:12:38][run_asr_conda] [422.3s-424.3s] [Speaker 3] 尤其大學生生活變得很分散，
[2026-08-10 10:12:38][run_asr_conda] [424.5s-425.2s] [Speaker 3] 有人打工，
[2026-08-10 10:12:38][run_asr_conda] [425.2s-425.9s] [Speaker 3] 有人實習，
[2026-08-10 10:12:38][run_asr_conda] [426.0s-427.5s] [Speaker 3] 有人根本不想要待在學校。
[2026-08-10 10:12:38][run_asr_conda] [427.8s-429.2s] [Speaker 3] 所以如果活動沒有吸引力，
[2026-08-10 10:12:38][run_asr_conda] [429.2s-431.6s] [Speaker 3] 很容易變成只有工作人員自己感動。
[2026-08-10 10:12:38][run_asr_conda] [432.8s-434.6s] [Speaker 未知] 這其實也是我最近一直在想的。
[2026-08-10 10:12:39][run_asr_conda] [460.0s] 處理30.0s語音片段...
[2026-08-10 10:12:52][run_asr_conda] [460.0s] 獲得 14 個語音片段
[2026-08-10 10:12:52][run_asr_conda] [430.0s-431.6s] [Speaker 未知] 只有工作人員自己感動，
[2026-08-10 10:12:52][run_asr_conda] [432.8s-435.2s] [Speaker 2] 這其實也是我最近一直在想的事情。
[2026-08-10 10:12:52][run_asr_conda] [435.5s-436.3s] [Speaker 2] 以前辦活動，
[2026-08-10 10:12:52][run_asr_conda] [436.4s-438.5s] [Speaker 2] 大家可能因爲熱鬧就會來，
[2026-08-10 10:12:52][run_asr_conda] [438.8s-442.1s] [Speaker 2] 但現在學生會考慮值不值得花時間，
[2026-08-10 10:12:52][run_asr_conda] [442.2s-443.3s] [Speaker 2] 有沒有新鮮感？
[2026-08-10 10:12:52][run_asr_conda] [443.4s-444.3s] [Speaker 2] 能不能拍照，
[2026-08-10 10:12:52][run_asr_conda] [444.4s-445.4s] [Speaker 2] 有沒有互動性？
[2026-08-10 10:12:52][run_asr_conda] [445.6s-448.2s] [Speaker 2] 所以我覺得我們不能只做看錶演，
[2026-08-10 10:12:52][run_asr_conda] [448.2s-449.5s] [Speaker 2] 應該增加參與感。
[2026-08-10 10:12:52][run_asr_conda] [449.6s-454.1s] [Speaker 2] 例如集張活動及時互動遊戲現場抽獎社羣任務，
[2026-08-10 10:12:52][run_asr_conda] [454.1s-457.8s] [Speaker 2] 讓大家不只是觀衆在互動活動越多，
[2026-08-10 10:12:52][run_asr_conda] [457.9s-459.3s] [Speaker 未知] 人力需求也會增加。
[2026-08-10 10:12:52][run_asr_conda] [459.6s-459.9s] [Speaker 未知] 我們，
[2026-08-10 10:12:53][run_asr_conda] [490.0s] 處理30.0s語音片段...
[2026-08-10 10:13:07][run_asr_conda] [490.0s] 獲得 20 個語音片段
[2026-08-10 10:13:09][run_asr_conda] [455.0s-455.6s] [Speaker 6] 只是觀衆，
[2026-08-10 10:13:09][run_asr_conda] [456.4s-457.8s] [Speaker 6] 但互動活動越多，
[2026-08-10 10:13:09][run_asr_conda] [457.9s-459.4s] [Speaker 6] 人力需求也會增加。
[2026-08-10 10:13:09][run_asr_conda] [459.6s-461.9s] [Speaker 6] 我們目前職工數量其實不太夠，
[2026-08-10 10:13:09][run_asr_conda] [462.2s-463.7s] [Speaker 6] 現在只有四十幾位，
[2026-08-10 10:13:09][run_asr_conda] [464.0s-465.7s] [Speaker 6] 但如果活動範圍太大，
[2026-08-10 10:13:09][run_asr_conda] [465.8s-467.6s] [Speaker 6] 我怕現場管理會失控。
[2026-08-10 10:13:09][run_asr_conda] [469.7s-470.6s] [Speaker 1] 既然提到人力，
[2026-08-10 10:13:09][run_asr_conda] [470.8s-471.7s] [Speaker 1] 我想談呃，
[2026-08-10 10:13:09][run_asr_conda] [471.7s-473.6s] [Speaker 1] 我也想談一下最近團隊狀況。
[2026-08-10 10:13:09][run_asr_conda] [474.0s-474.7s] [Speaker 1] 老實說，
[2026-08-10 10:13:09][run_asr_conda] [474.9s-476.7s] [Speaker 1] 我感覺大家最近有點疲憊，
[2026-08-10 10:13:09][run_asr_conda] [477.0s-478.5s] [Speaker 1] 尤其很多事情一直修改，
[2026-08-10 10:13:09][run_asr_conda] [479.0s-480.9s] [Speaker 1] 像海報版本已經改了四次，
[2026-08-10 10:13:09][run_asr_conda] [481.8s-482.0s] [Speaker 1] 呃，
[2026-08-10 10:13:09][run_asr_conda] [482.0s-483.1s] [Speaker 1] 流程表也一直變。
[2026-08-10 10:13:09][run_asr_conda] [483.6s-485.4s] [Speaker 1] 我知道大家想把活動做好，
[2026-08-10 10:13:09][run_asr_conda] [485.6s-487.1s] [Speaker 1] 但如果溝通沒整理好，
[2026-08-10 10:13:09][run_asr_conda] [487.1s-488.0s] [Speaker 1] 只會越來越亂。
[2026-08-10 10:13:09][run_asr_conda] [488.6s-489.8s] [Speaker 1] 所以從今天開始。
[2026-08-10 10:13:10][run_asr_conda] [515.0s] 處理30.0s語音片段...
[2026-08-10 10:13:21][run_asr_conda] [515.0s] 獲得 18 個語音片段
[2026-08-10 10:13:23][run_asr_conda] [485.0s-485.4s] [Speaker 1] 做好，
[2026-08-10 10:13:23][run_asr_conda] [485.7s-487.1s] [Speaker 1] 但如果溝通沒整理好，
[2026-08-10 10:13:23][run_asr_conda] [487.2s-488.0s] [Speaker 1] 只會越來越亂。
[2026-08-10 10:13:23][run_asr_conda] [488.6s-490.6s] [Speaker 1] 所以從今天開始我希望，
[2026-08-10 10:13:23][run_asr_conda] [490.9s-491.4s] [Speaker 1] 第一，
[2026-08-10 10:13:23][run_asr_conda] [491.9s-493.9s] [Speaker 1] 所有需求修改必須先確認。
[2026-08-10 10:13:23][run_asr_conda] [494.1s-494.6s] [Speaker 1] 第二，
[2026-08-10 10:13:23][run_asr_conda] [494.9s-496.7s] [Speaker 1] 不要臨時增加大型內容。
[2026-08-10 10:13:23][run_asr_conda] [497.0s-497.4s] [Speaker 1] 第三，
[2026-08-10 10:13:23][run_asr_conda] [497.9s-498.3s] [Speaker 1] 每組，
[2026-08-10 10:13:23][run_asr_conda] [498.3s-499.8s] [Speaker 1] 每週固定回報進度，
[2026-08-10 10:13:23][run_asr_conda] [500.0s-501.7s] [Speaker 1] 不然後面一定會出問題。
[2026-08-10 10:13:23][run_asr_conda] [503.8s-505.5s] [Speaker 3] 我認同尤其宣傳，
[2026-08-10 10:13:23][run_asr_conda] [505.5s-506.8s] [Speaker 3] 其實很怕方向一直改，
[2026-08-10 10:13:23][run_asr_conda] [507.1s-509.0s] [Speaker 3] 因爲我們很多素材都需要提前做。
[2026-08-10 10:13:23][run_asr_conda] [509.2s-510.2s] [Speaker 3] 如果主題一直變，
[2026-08-10 10:13:23][run_asr_conda] [510.3s-513.1s] [Speaker 3] 整個社羣內容都要重做切花，
[2026-08-10 10:13:23][run_asr_conda] [513.1s-514.7s] [Speaker 未知] 這邊也會盡快答覆。
[2026-08-10 10:13:24][run_asr_conda] [540.0s] 處理30.0s語音片段...
[2026-08-10 10:13:36][run_asr_conda] [540.0s] 獲得 19 個語音片段
[2026-08-10 10:13:38][run_asr_conda] [510.3s-512.0s] [Speaker 未知] 整個社羣內容都要重做哦，
[2026-08-10 10:13:38][run_asr_conda] [512.8s-515.6s] [Speaker 2] 計劃這邊也會盡快打固流程固定。
[2026-08-10 10:13:38][run_asr_conda] [515.9s-518.7s] [Speaker 2] 我覺得現在最重要的是先穩定可信內容，
[2026-08-10 10:13:38][run_asr_conda] [518.7s-520.1s] [Speaker 2] 不要一直往外加東西。
[2026-08-10 10:13:38][run_asr_conda] [521.4s-521.6s] [Speaker 1] 好，
[2026-08-10 10:13:38][run_asr_conda] [521.8s-523.1s] [Speaker 1] 那我最後整理呃，
[2026-08-10 10:13:38][run_asr_conda] [523.2s-524.3s] [Speaker 1] 整理一下今天結論。
[2026-08-10 10:13:38][run_asr_conda] [524.6s-525.0s] [Speaker 1] 第一，
[2026-08-10 10:13:38][run_asr_conda] [525.3s-527.5s] [Speaker 1] 活動主題方向維持 recampus。
[2026-08-10 10:13:38][run_asr_conda] [527.5s-528.1s] [Speaker 1] 第二，
[2026-08-10 10:13:38][run_asr_conda] [528.2s-530.7s] [Speaker 1] 強化整體品牌感與視覺統一。
[2026-08-10 10:13:38][run_asr_conda] [530.9s-531.3s] [Speaker 1] 第三，
[2026-08-10 10:13:38][run_asr_conda] [531.7s-532.8s] [Speaker 1] 主打學生參與，
[2026-08-10 10:13:38][run_asr_conda] [533.2s-534.5s] [Speaker 1] 而不是單純表演。
[2026-08-10 10:13:38][run_asr_conda] [534.8s-535.3s] [Speaker 1] 第四，
[2026-08-10 10:13:38][run_asr_conda] [535.8s-536.6s] [Speaker 1] 控制預算，
[2026-08-10 10:13:38][run_asr_conda] [536.7s-538.1s] [Speaker 1] 避免資源過度集中。
[2026-08-10 10:13:38][run_asr_conda] [538.5s-539.0s] [Speaker 1] 第五，
[2026-08-10 10:13:38][run_asr_conda] [539.2s-539.9s] [Speaker 1] 本週，
[2026-08-10 10:13:39][run_asr_conda] [570.0s] 處理30.0s語音片段...
[2026-08-10 10:13:50][run_asr_conda] [570.0s] 獲得 15 個語音片段
[2026-08-10 10:13:51][run_asr_conda] [535.1s-535.3s] [Speaker 1] 四、
[2026-08-10 10:13:51][run_asr_conda] [535.8s-538.1s] [Speaker 1] 控制預算避免資源過度集中。
[2026-08-10 10:13:51][run_asr_conda] [538.5s-539.0s] [Speaker 1] 第五，
[2026-08-10 10:13:51][run_asr_conda] [539.2s-542.0s] [Speaker 1] 本週確認主要廠商與設備需求。
[2026-08-10 10:13:51][run_asr_conda] [542.4s-542.9s] [Speaker 1] 第六，
[2026-08-10 10:13:51][run_asr_conda] [543.2s-545.4s] [Speaker 1] 加強備案與現場管理規劃。
[2026-08-10 10:13:51][run_asr_conda] [546.0s-547.4s] [Speaker 1] 我知道現在壓力很大，
[2026-08-10 10:13:51][run_asr_conda] [547.6s-550.4s] [Speaker 1] 但我覺得大家至少已經開始有共同方向。
[2026-08-10 10:13:51][run_asr_conda] [551.0s-551.3s] [Speaker 1] 其實，
[2026-08-10 10:13:51][run_asr_conda] [551.3s-554.1s] [Speaker 1] 辦活動最難的不是設備或預算，
[2026-08-10 10:13:51][run_asr_conda] [554.4s-556.6s] [Speaker 1] 而是讓所有人往同一個目標前進。
[2026-08-10 10:13:51][run_asr_conda] [557.3s-559.4s] [Speaker 1] 希望接下來大家能夠繼續互相配合，
[2026-08-10 10:13:51][run_asr_conda] [559.7s-562.9s] [Speaker 1] 把這次文化節做出真正屬於我們學校的特色。
[2026-08-10 10:13:51][run_asr_conda] [563.3s-564.5s] [Speaker 1] 今天會議講到這邊，
[2026-08-10 10:13:51][run_asr_conda] [564.5s-565.5s] [Speaker 1] 大家辛苦了。
[2026-08-10 10:13:54][run_asr_conda] [檔案結束] 連續10次讀取失敗，且錄音已結束
[2026-08-10 10:13:54][run_asr_conda] 
處理剩餘的 long_buffer 資料...
[2026-08-10 10:13:56][run_asr_conda] 
處理剩餘的 1 個語音片段
[2026-08-10 10:13:56][run_asr_conda] [565.1s-565.6s] [Speaker 未知] 苦了。
[2026-08-10 10:13:56][run_asr_conda] 程式結束，已清理所有資源
[2026-08-10 10:13:56][run_asr_conda] 
[run_asr] ASR 結束
[2026-08-10 10:13:56][run_asr_conda] [run_asr] ASR 總耗時: 478.97 秒 
